[08/01/26 17:24:35] info     ================= cer started =================
[08/01/26 17:24:35] info     C:\Program Files\Autodesk\AutoCAD 2027\cer.dll, 7.2.4+20251128.8f05bb68.927
[08/01/26 17:24:35] info     Setting key SP/SDK_VERSION, value 7.2.4+20251128.8f05bb68.927 (maxCount 1)
[08/01/26 17:24:35] info     Setting key SP/PRODUCT_NAME_HASH, value f4bac121a1625586cb5b9106c8e839a7990f2b6c (maxCount 1)
[08/01/26 17:24:35] info     Setting key SP/RUNTIME_ARCH, value 1 (maxCount 1)
[08/01/26 17:24:35] info     Set senddmp exe path to C:\Program Files\Autodesk\AutoCAD 2027\CER\senddmp.exe
[08/01/26 17:24:35] info     The cer_service exe C:\Program Files\Autodesk\AutoCAD 2027\CER\service\cer_service.exe is not in folder C:\Program Files\Autodesk\AutoCAD 2027\CER\, it's not a sandbox
[08/01/26 17:24:35] info     Set upi exe path to C:\Program Files\Autodesk\AutoCAD 2027\CER\upi.exe
[08/01/26 17:24:35] info     launching C:\Program Files\Autodesk\AutoCAD 2027\CER\upi.exe --cmd=get-device-id "C:\Users\Julia Alves Franklin\AppData\Local\Temp\15FCE767F24F74D1\Temp\upi_deviceid2"
[08/01/26 17:24:35] info     Set deviceID2 to 9FFCA855C157383980926CB3878AA0E07FE53F694A4F86ADDFFFC308C22BA81C&CB3E14ABC506E0112F9B1B2DE2EE5583414696469B2EA3068CE85FB182F3665E&B9DE60C8F904774212A3CBB90B754A2F14CFC38BB6061FCA904CF85298F794FF
[08/01/26 17:24:35] info     Setting key SP/DEVICEID2, value 9FFCA855C157383980926CB3878AA0E07FE53F694A4F86ADDFFFC308C22BA81C&CB3E14ABC506E0112F9B1B2DE2EE5583414696469B2EA3068CE85FB182F3665E&B9DE60C8F904774212A3CBB90B754A2F14CFC38BB6061FCA904CF85298F794FF (maxCount 1)
[08/01/26 17:24:35] info     Setting key SP/UUID, value f4bac121a1625586cb5b9106c8e839a7990f2b6c9FFCA855C157383980926CB3878AA0E07FE53F694A4F86ADDFFFC308C22BA81C&CB3E14ABC506E0112F9B1B2DE2EE5583414696469B2EA3068CE85FB182F3665E&B9DE60C8F904774212A3CBB90B754A2F14CFC38BB6061FCA904CF85298F794FF (maxCount 1)
[08/01/26 17:24:35] info     Set senddmp exe path to C:\Program Files\Autodesk\AutoCAD 2027\CER\senddmp.exe
[08/01/26 17:24:35] info     The cer_service exe C:\Program Files\Autodesk\AutoCAD 2027\CER\service\cer_service.exe is not in folder C:\Program Files\Autodesk\AutoCAD 2027\CER\, it's not a sandbox
[08/01/26 17:24:35] info     launching C:\Program Files\Autodesk\AutoCAD 2027\CER\upi.exe "C:\Program Files\Autodesk\AutoCAD 2027\pt-BR\UPI\upiconfig.xml" "C:\Users\Julia Alves Franklin\AppData\Local\Temp\15FCE767F24F74D1\Temp\upi_info.xml"
[08/01/26 17:24:35] info     Setting key SP/UPI_PRODUCT, value ACD (maxCount 1)
[08/01/26 17:24:35] info     Setting key SP/UPI_RELEASE, value 2027 (maxCount 1)
[08/01/26 17:24:35] info     Setting key SP/UPI_MASTER, value {28B89EEF-A101-0416-2102-CF3F3A09B77D} (maxCount 1)
[08/01/26 17:24:35] info     Setting key SP/UPI_BUILD, value 26.0.60.0.0 (maxCount 1)
[08/01/26 17:24:35] info     Setting key SP/UPI_FULL_XML, value <?xml version="1.0"?><upipackage><upivalue version="1.0" type="product" requestingapp="true"><level name="productline" id="ACD"><level name="release" id="2027"><level name="master" id="{28B89EEF-A101-0416-2102-CF3F3A09B77D}"><level name="build" id="26.0.60.0.0"/></level></level></level></upivalue>
<upivalue version="1.0" type="product"><level name="productline" id="ACD"><level name="release" id="2027"><level name="master" id="{28B89EEF-A101-0000-0102-CF3F3A09B77D}"><level name="build" id="26.0.60.0.0"/></level></level></level></upivalue>
<upivalue version="1.0" type="product"><level name="productline" id="ARCHDESK"><level name="release" id="2027"><level name="master" id="{28B89EEE-A104-0000-5102-CF3F3A09B77D}"><level name="build" id="8.9.46.0"/></level></level></level></upivalue>
<upivalue version="1.0" type="product"><level name="productline" id="ACD"><level name="release" id="2027"><level name="master" id="{28B89EEF-A101-0416-1102-CF3F3A09B77D}"><level name="build" id="26.0.60.0.0"/></level></level></level></upivalue>
</upipackage> (maxCount 1)
[08/01/26 17:24:35] info     set legacy options: /APPICON "C:\Program Files\Autodesk\AutoCAD 2027\AcBrandRes.dll" /APPICONID 1
[08/01/26 17:24:35] info     Setting key RP/AppIcon, value C:\Program Files\Autodesk\AutoCAD 2027\AcBrandRes.dll (maxCount 1)
[08/01/26 17:24:35] info     Setting key RP/AppIconId, value 1 (maxCount 1)
[08/01/26 17:24:35] info     Setting key RP/CadSettingsRegPath, value Software\Autodesk\AutoCAD\R26.0\ACAD-A101:416\CadManagerControl\CustomerErrorReport (maxCount 1)
[08/01/26 17:24:35] info     Setting key RP/AppLocaleId, value 1046 (maxCount 1)
[08/01/26 17:24:35] info     Setting key RP/AppXML, value <ProductInformation name ="AutoCAD" build_version="X.60.0.0(x64)" registry_version="26.0" install_id_string="15FCE767F24F74D1" registry_localeID="1046" git_commit_id="90c984aa66a571142ee0757584bac517eec2175a" /> (maxCount 100)
[08/01/26 17:24:35] info     Setting key SP/THEME_TYPE, value Blue (maxCount 1)
[08/01/26 17:24:35] info     Setting key SP/EXCEPTION_INFO_POINTER, value 140720254584088 (maxCount 1)
[08/01/26 17:24:35] info     Setting key SP/THREAD_ID, value 4294967295 (maxCount 1)
[08/01/26 17:24:35] info     Get key SP/THREAD_ID, index 0: "4294967295"
[08/01/26 17:24:35] info     Setting key SP/WER, value 0 (maxCount 1)
[08/01/26 17:24:35] info     Get key SP/WER, index 0: "0"
[08/01/26 17:24:35] info     Registered C:\Program Files\Autodesk\AutoCAD 2027\cer.dll as WER runtime exception module
[08/01/26 17:24:35] info     Current ErrorMode is 32769
[08/01/26 17:24:35] debug    Receiver ping: pong
